// Jest Snapshot v1, https://goo.gl/fbAQLP

exports[`renders Rockets component correctly 1`] = `
<div>
  <div
    class="rockets-container"
  >
    <p>
      Loading...
    </p>
  </div>
</div>
`;
